================================================================================

                      PROGRAM SNAP  Version 2.7.14-f90eaf0

                       Survey Network Adjustment Program

                    Copyright: Land Information New Zealand
                              Author: Chris Crook
                       Version date: Sep  8 2018 08:54:01

================================================================================
                     Run at  8-SEP-2018 09:03:50 by ccrook


The command file testpb3.snp contains:
     title Regression test 1 - data types and observation equations
     
     coordinate_file testpb2.crd
     data_file testpb1.dat
     
     mode 3d adjustment
     convergence_tolerance 0.001
     proj_bearing_use_datum no
     
     fix all
     
     list command_file
     list file_summary
     list observation_equations
     list station_coordinates
     list residuals
     




================================================================================
Regression test 1 - data types and observation equations     8-SEP-2018 09:03:50

                             SUMMARY OF INPUT FILES

================================================================================


Program options read from testpb3.snp

Job: Regression test 1 - data types and observation equations


Solution type: 3d coordinate adjustment


Coordinates file testpb2.crd
       5 stations read

Data file 1: testpb1.dat
    Observations between 1889-01-02 and 1889-01-02
       4 projection bearings



================================================================================
Regression test 1 - data types and observation equations     8-SEP-2018 09:03:50

                               ITERATION NUMBER 1

================================================================================



================================================================================
Regression test 1 - data types and observation equations     8-SEP-2018 09:03:50

                             OBSERVATION EQUATIONS

================================================================================

BEGIN_JSON obs_equation_1
{
  "nparam":0,
  "obs_equations": [
{
  "source": {"file": "testpb1.dat","lineno": 8, "station": "1 - 2", "obsid": 1, "type": "PB","nobs": 1},
  "nobs": 1,
  "obs": [
   {
    "value":  8.27605066e-08,
    "useobs": true,
    "ncolumns": 0,
    "columns": [],
    "values": []
   }
  ],
  "cvrdiag": [
 3.76070889e-10
  ]
},
{
  "source": {"file": "testpb1.dat","lineno": 9, "station": "1 - 3", "obsid": 2, "type": "PB","nobs": 1},
  "nobs": 1,
  "obs": [
   {
    "value":  2.32666900e-07,
    "useobs": true,
    "ncolumns": 0,
    "columns": [],
    "values": []
   }
  ],
  "cvrdiag": [
 3.76070889e-10
  ]
},
{
  "source": {"file": "testpb1.dat","lineno": 16, "station": "1 - 2", "obsid": 3, "type": "PB","nobs": 1},
  "nobs": 1,
  "obs": [
   {
    "value": -3.66681521e-03,
    "useobs": false,
    "ncolumns": 0,
    "columns": [],
    "values": []
   }
  ],
  "cvrdiag": [
 4.87387872e-03
  ]
},
{
  "source": {"file": "testpb1.dat","lineno": 17, "station": "1 - 3", "obsid": 4, "type": "PB","nobs": 1},
  "nobs": 1,
  "obs": [
   {
    "value": -1.65139180e-03,
    "useobs": false,
    "ncolumns": 0,
    "columns": [],
    "values": []
   }
  ],
  "cvrdiag": [
 4.87387872e-03
  ]
}
]}

END_JSON obs_equation_1



================================================================================
Regression test 1 - data types and observation equations     8-SEP-2018 09:03:50

                                SOLUTION SUMMARY

================================================================================

Solution type: 3d coordinate adjustment


Number of observations:               2
Number of parameters:                 0

Degrees of freedom:                   2
Sum of squared residuals:             0.00016
Standard error of unit weight:        0.00900

The probability of an SSR this low is 0.008% (from Chi squared (2))

You may have over-estimated the errors of the data.



================================================================================
Regression test 1 - data types and observation equations     8-SEP-2018 09:03:50

                              STATION COORDINATES

================================================================================
Coordinate system: International Terrestrial Reference Frame 2008 (LINZ transformation)
Ellipsoid: Geodetic Reference System 1980 (GRS80)
  a = 6378137.000  1/f = 298.257222

Station heights are ellipsoidal heights.
The error ellipse and height error are the apriori errors

Rejected stations are flagged #

 Code       Latitude       Adjustment  Error  Brng  Name
            Longitude       (metres)  Ellipse
            Height                    Hgt err

 1      41 00 46.800000 S      -         -          Node one
       173 19 15.600000 E      -         -
             150.0000          -         -

 2      41 00 25.200000 S      -         -          Node two
       173 19 40.800000 E      -         -
             250.0000          -         -

 3      41 00 28.800000 S      -         -          Node three
       173 19 58.800000 E      -         -
              70.0000          -         -

 4      41 00 46.800000 S      -         -          Node four
       173 19 15.600000 E      -         -
             150.0000          -         -

 5      41 00 25.200000 S      -         -          Node five
       173 19 40.800000 E      -         -
             250.0000          -         -



================================================================================
Regression test 1 - data types and observation equations     8-SEP-2018 09:03:50

                             OBSERVATION RESIDUALS

================================================================================

This table lists apriori errors
Residuals outside the 95.000% confidence limit are flagged ?
Residuals outside the 99.000% confidence limit are flagged ???

Significance is based on the Normal distribution function

Rejected observations are flagged *
Observations to or from rejected stations are flagged #
Observations with redundancy less than 0.10 are flagged @

The following codes are used to identify data types
   PB  projection bearings

From  To    Type    Value     +/-      Calc      +/-     Res    +/-    S.R.      

File testpb1.dat: line 8

1     2     PB    40 30 56.8    4.0  40 30 56.8    0.0     0.0    4.0   0.00     

1     3     PB    60 14 07.3    4.0  60 14 07.3    0.0     0.0    4.0   0.01     

1     2     PB*   40 18 20.4 14400.0  40 30 56.8    0.0  -756.3 14400.0   0.05 *   

1     3     PB*   60 08 26.6 14400.0  60 14 07.3    0.0  -340.6 14400.0   0.02 *   



================================================================================
Regression test 1 - data types and observation equations     8-SEP-2018 09:03:50

                                 ERROR SUMMARY

================================================================================


Summary of residuals classified by data type

Classification                               Used        Unused       Total
                                            RMS  Count   RMS  Count   RMS  Count



projection bearing                          0.01    2    0.04    2    0.03    4



================================================================================
Regression test 1 - data types and observation equations     8-SEP-2018 09:03:50

                           MOST SIGNIFICANT RESIDUALS

================================================================================


The 4 residuals from this data are classified as follows:

Under 95.00%  significant    Used:   2    Unused:   2
Under 99.00%  significant    Used:   0    Unused:   0
Over  99.00%  significant    Used:   0    Unused:   0

Note: Only the overall residual for vector data is counted


The following table lists the 2 worst residuals of rejected data

From   To     Type     S.R.  Sig (%)       Line  File

1      2       PB*    0.053    4.189         16  testpb1.dat

1      3       PB*    0.024    1.887         17  testpb1.dat


The following table lists the 2 worst residuals of used data

From   To     Type     S.R.  Sig (%)       Line  File

1      3       PB     0.012    0.957          9  testpb1.dat

1      2       PB     0.004    0.341          8  testpb1.dat
