================================================================================

                      PROGRAM SNAP  Version 2.7.14-f90eaf0

                       Survey Network Adjustment Program

                    Copyright: Land Information New Zealand
                              Author: Chris Crook
                       Version date: Sep  8 2018 08:54:01

================================================================================
                     Run at  8-SEP-2018 09:03:50 by ccrook



Program options read from testsl3.snp

Job: Regression tests - station lists


Solution type: 3d coordinate adjustment


Coordinates file testsl.crd
      20 stations read

Data file 1: testsl.dat
    Observations between 2000-05-01 and 2000-05-01
      19 height differences
      20 latitudes
      20 longitudes



================================================================================
Regression tests - station lists                             8-SEP-2018 09:03:50

                             DEFINITION OF PROBLEM

================================================================================

Solution type: 3d coordinate adjustment


The following table lists the stations included in the adjustment.
Adjustment is signified by F (fixed), H (horizontal), V (vertical) or 3 (3d).


Station      Adj  Row  Name

11           F     -  4 BOLT
1            F     -  2 PIN
B            F     -  1 SPIK
PINTOFALE    3     1  4 BOLT
QQ           3     4  3 PIN
C_100        3     7  3 BOLT
PEGGY        3    10  4 -
2            3    13  2 PEG
100          3    16  2 PIN
3            3    19  4 BOLT
D            F     -  6 SPIK
C_101        F     -  3 SPIK
C_10         F     -  4 PIN
B00          F     -  10 BOLT
PIND         3    22  3 SPIK
A            3    25  - BOLT
TUBBY        F     -  2 -
BXXXXX       F     -  0 BOLT
10           F     -  6 SPIK
C_11         F     -  - BOLT


The following deformation has been applied
Applying coordinate system deformation model
LINZ deformation model
    NZGD2000 deformation model (20160701)
    Deformation model: NZGD2000 deformation model
    Datum: New Zealand Geodetic Datum 2000 (reference epoch 2000-01-01)
    Version: 20160701
    New Zealand Deformation Model.
    Defines the secular model (National Deformation Model)
    and patches for significant deformation events since 2000.
