================================================================================

                          PROGRAM SNAP  Version

                       Survey Network Adjustment Program

                    Copyright: Land Information New Zealand
                              Author: Chris Crook
                       Version date:

================================================================================
                          Run at 



Program options read from testsr6.snp

Job: Regression tests - Missing recode file


Solution type: 3d data checking


Coordinates file testsl.crd
      20 stations read

Data file 1: testsr1.dat
    Observations between 1998-05-01 00:00:00 and 2010-05-01 00:00:00
      29 latitudes

Data file 3: testsr3.dat
    Observations between 2000-05-01 00:00:00 and 2000-05-01 00:00:00
       2 latitudes
    Recoding stations:
    D          => D        
    QQ         => QQ        before  2005-01-01 00:00:00
    Ignoring other stations



================================================================================
Regression tests - Missing recode file                      

                                   INPUT DATA

================================================================================

The following codes are used to identify data types
   LT  latitudes

Fil/Lin  From      Height To        Height Type   Value      Error

 1:10    11        0.000                   LT    41 00 16.67 S    1.00

 1:11    OTHER1    0.000                   LT    41 00 13.03 S    1.00

 1:12    B         0.000                   LT    41 00 36.25 S    1.00

 1:13    PINTOFALE 0.000                   LT    41 00 55.72 S    1.00

 1:14    QQ        0.000                   LT    41 00 53.36 S    1.00

 1:15    C_100     0.000                   LT    41 00 51.01 S    1.00

 1:16    PEGS      0.000                   LT    41 00 31.17 S    1.00

 1:17    2         0.000                   LT    41 00 12.74 S    1.00

 1:18    100       0.000                   LT    41 00 34.10 S    1.00

 1:19    3         0.000                   LT    41 00 25.32 S    1.00

 1:20    D         0.000                   LT    41 00 47.89 S    1.00

 1:21    C_101     0.000                   LT    41 00 24.48 S    1.00

 1:22    C_10      0.000                   LT    41 00 43.50 S    1.00

 1:23    B00       0.000                   LT    41 00 28.80 S    1.00

 1:24    PIND      0.000                   LT    41 00 28.80 S    1.00

 1:25    A         0.000                   LT    41 00 28.80 S    1.00

 1:27    BXXXXX    0.000                   LT    41 00 28.80 S    1.00

 1:28    10        0.000                   LT    41 00 28.80 S    1.00

 1:29    C_11      0.000                   LT    41 00 28.80 S    1.00

 1:33    11        0.000                   LT    41 00 16.67 S    1.00

 1:34    1BC       0.000                   LT    41 00 13.03 S    1.00

 1:38    11        0.000                   LT    41 00 16.67 S    1.00

 1:39    1WHEN     0.000                   LT    41 00 13.03 S    1.00

 1:43    11        0.000                   LT    41 00 16.67 S    1.00

 1:44    1AD       0.000                   LT    41 00 13.03 S    1.00

 1:48    2_RC      0.000                   LT    41 00 12.74 S    1.00

 1:49    100       0.000                   LT    41 00 34.10 S    1.00

 1:50    3_RC      0.000                   LT    41 00 25.32 S    1.00

 1:51    D         0.000                   LT    41 00 47.89 S    1.00

 3:12    QQ        0.000                   LT    41 00 53.36 S    1.00

 3:14    D         0.000                   LT    41 00 47.89 S    1.00




================================================================================
Regression tests - Missing recode file                      

                                     ERRORS

================================================================================

Note: 2 errors reported in testsr6.err
