================================================================================

                          PROGRAM SNAP  Version

                       Survey Network Adjustment Program

                    Copyright: Land Information New Zealand
                              Author: Chris Crook
                       Version date:

================================================================================
                          Run at 


The command file testinc.snp contains:
     title Regression test - testing file inclusion with directories
     
     coordinate_file testgx1.crd
     data_file data/test1.dat
     include inc/testinc.inc
     
     mode 3d data_check
     
     list command_file
     list file_summary
     list solution_summary




================================================================================
Regression test - testing file inclusion with directories   

                             SUMMARY OF INPUT FILES

================================================================================


Program options read from testinc.snp

Job: Regression test - testing file inclusion with directories


Solution type: 3d data checking


Coordinates file testgx1.crd
       3 stations read

Data file 1: data/test1.dat
    Observations between 2008-01-01 00:00:00 and 2008-01-01 00:00:00
       2 GPS point coords

Data file 2: ../data/test2.dat
    Observations between 2008-01-01 00:00:00 and 2008-01-01 00:00:00
       2 GPS point coords



================================================================================
Regression test - testing file inclusion with directories   

                                SOLUTION SUMMARY

================================================================================

Solution type: 3d data checking


Number of observations:              12
Number of parameters:                 0

Degrees of freedom:                  12
Sum of squared residuals:             4.12515
Standard error of unit weight:        0.58631

The probability of an SSR this low is 1.893% (from Chi squared (12))

You may have over-estimated the errors of the data.



================================================================================
Regression test - testing file inclusion with directories   

                              STATION COORDINATES

================================================================================
Coordinate system: New Zealand Geodetic Datum 1949
Ellipsoid: International Ellipsoid
  a = 6378388.000  1/f = 297.000000

Station heights are ellipsoidal heights.
Geoid heights not defined - orthometric and ellipsoidal heights are the same.
The error ellipse and height error are the apriori errors

Rejected stations are flagged #

 Code       Latitude       Adjustment  Error  Brng  Name
            Longitude       (metres)  Ellipse
            Height                    Hgt err

 1      41 00 46.800000 S      -         -          Node one
       173 19 15.600000 E      -         -
             150.0000          -         -

 2      41 00 25.200000 S      -         -          Node two
       173 19 40.800000 E      -         -
             250.0000          -         -

#3      41 00 28.800000 S      -         -          Node three
       173 19 58.800000 E      -         -
              70.0000          -         -



================================================================================
Regression test - testing file inclusion with directories   

                           REFERENCE FRAME PARAMETERS

================================================================================

The errors listed for calculated parameters are apriori errors

Reference frame: GPS

   Defined as a geocentric reference frame

   Geocentric definition

      Parameter                             Value            Error    
      X translation (m)                   0.0000          -        
      Y translation (m)                   0.0000          -        
      Z translation (m)                   0.0000          -        
      Scale factor (ppm)                  0.0000000       -        
      X rotation (arc sec)                0.0000000       -        
      Y rotation (arc sec)                0.0000000       -        
      Z rotation (arc sec)                0.0000000       -        



================================================================================
Regression test - testing file inclusion with directories   

                             OBSERVATION RESIDUALS

================================================================================

This table lists apriori errors
Residuals outside the 95.000% confidence limit are flagged ?
Residuals outside the 99.000% confidence limit are flagged ???

Significance is based on the Normal distribution function

Rejected observations are flagged *
Observations to or from rejected stations are flagged #
Observations with redundancy less than 0.10 are flagged @

Vector residual east, north, up directions are calculated at baseline midpoint

The following codes are used to identify data types
   GX  GPS point coords

From  Type     Value       +/-         Calc       +/-      Res    +/-     S.R.      
               X,Y,Z                  X,Y,Z               E,N,U                     

File data/test1.dat: line 8

1     GX    -4787264.5200  0.0260  -4787264.5200  0.0000  0.0000  0.0100   0.00     
              560595.5704  0.0104    560595.5704  0.0000 -0.0000  0.0200   0.00     
            -4163681.8023  0.0248  -4163681.8023  0.0000 -0.0000  0.0300   0.00     
             6369333.9627           6369333.9627          0.0000           0.00     

2     GX    -4787842.2236  0.0260  -4787842.2236  0.0000  0.0000  0.0100   0.00     
              560070.2623  0.0104    560070.2623  0.0000  0.0000  0.0200   0.00     
            -4163244.5856  0.0248  -4163244.5856  0.0000 -0.0000  0.0300   0.00     
             6369436.1867           6369436.1867          0.0000           0.00     

File ../data/test2.dat: line 8

1     GX    -4787264.5300  0.0260  -4787264.5200  0.0000  0.0012  0.0100   0.12     
              560595.5704  0.0104    560595.5704  0.0000  0.0065  0.0200   0.33     
            -4163681.8023  0.0248  -4163681.8023  0.0000  0.0075  0.0300   0.25     
             6369333.9702           6369333.9627          0.0100           0.25     

2     GX    -4787842.2236  0.0260  -4787842.2236  0.0000 -0.0198  0.0100   1.98  ?  
              560070.2823  0.0104    560070.2623  0.0000  0.0015  0.0200   0.08     
            -4163244.5856  0.0248  -4163244.5856  0.0000  0.0017  0.0300   0.06     
             6369436.1884           6369436.1867          0.0200           1.15     



================================================================================
Regression test - testing file inclusion with directories   

                                 ERROR SUMMARY

================================================================================


Summary of residuals classified by data type

Classification                               Used        Unused       Total
                                            RMS  Count   RMS  Count   RMS  Count



GPS point coord                             0.59   12     -      -    0.59   12
        East component                      0.99    4     -      -    0.99    4
        North component                     0.17    4     -      -    0.17    4
        Up component                        0.13    4     -      -    0.13    4


Summary of residuals classified by input file

Classification                               Used        Unused       Total
                                            RMS  Count   RMS  Count   RMS  Count



data/test1.dat                              0.00    6     -      -    0.00    6

../data/test2.dat                           0.83    6     -      -    0.83    6



================================================================================
Regression test - testing file inclusion with directories   

                           MOST SIGNIFICANT RESIDUALS

================================================================================


The 4 residuals from this data are classified as follows:

Under 95.00%  significant    Used:   4    Unused:   0
Under 99.00%  significant    Used:   0    Unused:   0
Over  99.00%  significant    Used:   0    Unused:   0

Note: Only the overall residual for vector data is counted


The following table lists the 4 worst residuals of used data

From   To     Type     S.R.  Sig (%)       Line  File

2              GX     1.146   73.232         13  ../data/test2.dat

1              GX     0.246    1.957          8  ../data/test2.dat

2              GX     0.002     -            13  data/test1.dat

1              GX     0.001     -             8  data/test1.dat
