================================================================================

                      PROGRAM SNAP  Version 2.7.14-f90eaf0

                       Survey Network Adjustment Program

                    Copyright: Land Information New Zealand
                              Author: Chris Crook
                       Version date: Sep  8 2018 08:54:01

================================================================================
                     Run at  8-SEP-2018 09:03:50 by ccrook


The command file test1g4.snp contains:
     title Regression test 1g - calculation of geoid in snap
     
     coordinate_file test1g1.crd
     data_file test1g0.dat
     
     geoid nzgeoid09 overwrite
     
     mode 3d adjustment
     fix all
     free 4
     
     list command_file
     list station_coordinates
     
     output_csv stations
     




================================================================================
Regression test 1g - calculation of geoid in snap            8-SEP-2018 09:03:50

                             SUMMARY OF INPUT FILES

================================================================================


Program options read from test1g4.snp

Job: Regression test 1g - calculation of geoid in snap


Solution type: 3d coordinate adjustment


Coordinates file test1g1.crd
       6 stations read



================================================================================
Regression test 1g - calculation of geoid in snap            8-SEP-2018 09:03:50

                                     ERRORS

================================================================================

Note: 1 errors reported in test1g4.err
