================================================================================

                      PROGRAM SNAP  Version 2.7.14-f90eaf0

                       Survey Network Adjustment Program

                    Copyright: Land Information New Zealand
                              Author: Chris Crook
                       Version date: Sep  8 2018 08:54:01

================================================================================
                     Run at  8-SEP-2018 09:03:50 by ccrook


The command file testom16.snp contains:
     title Regression test om1 - obs modifications - station based modifications with invalid station
     
     coordinate_file test1.crd ! Comment to be ignored
     data_file test1.dat
     data_file test1a.dat
     
     mode 3d data_check
     
     list command_file
     list file_summary
     list residuals
     list no_solution_summary
     list no_station_coordinates
     list no_reference_frames
     list no_parameters
     list no_worst_residuals
     list no_notes
     list no_file_locations
     list no_distance_ratio_scales
     list no_error_summary
     
     error_type apriori
     
     refraction_coefficient DEFAULT 0.0
     
     define_residual_format all  from to type date file:10 line_no:4 Id:4 S c=class:6 S c=equpt:12 S obs_err
     
     ignore_observations between_stations 2 3 garbage




================================================================================
Regression test om1 - obs modifications - station based modifications with inva    8-SEP-2018 09:03:50

                             SUMMARY OF INPUT FILES

================================================================================


Program options read from testom16.snp

Job: Regression test om1 - obs modifications - station based modifications with inva


Solution type: 3d data checking


Coordinates file test1.crd
       5 stations read

Data file 1: test1.dat
    Observations between 2008-01-01 and 2009-12-23
       4 observations do not have a date
      21 GPS baselines
      11 GPS point coords
       6 slope distances
       2 horizontal distances
       4 ellipsoidal distances
       4 mean sea level distances
       2 distance ratios
      12 horizontal angles
       6 azimuths
       6 projection bearings
       4 zenith distances
       4 height differences
       2 orthometric heights
       2 ellipsoidal heights
       6 latitudes
       6 longitudes

Data file 2: test1a.dat
    Observations between 2008-01-01 and 2008-01-01
       4 observations do not have a date
       2 slope distances
       2 horizontal distances
       2 ellipsoidal distances
       4 mean sea level distances
       2 distance ratios
       4 horizontal angles
       4 azimuths
       2 projection bearings
      10 zenith distances
       2 height differences
       2 latitudes
       2 longitudes

Errors found in station lists in reweight/reject/ignore observations

The following observations are ignored:
  Observations which are between stations 2 3 garbage



================================================================================
Regression test om1 - obs modifications - station based modifications with inva    8-SEP-2018 09:03:50

                                     ERRORS

================================================================================

Note: 2 errors reported in testom16.err
